[debug] [2026-02-09T09:20:06.817Z] ----------------------------------------------------------------------
[debug] [2026-02-09T09:20:07.050Z] Command:       C:\Program Files\nodejs\node.exe C:\Users\USER\AppData\Roaming\npm\node_modules\firebase-tools\lib\bin\firebase.js init functions
[debug] [2026-02-09T09:20:07.051Z] CLI Version:   14.10.1
[debug] [2026-02-09T09:20:07.052Z] Platform:      win32
[debug] [2026-02-09T09:20:07.053Z] Node Version:  v22.14.0
[debug] [2026-02-09T09:20:07.055Z] Time:          Mon Feb 09 2026 10:20:07 GMT+0100 (West Africa Standard Time)
[debug] [2026-02-09T09:20:07.055Z] ----------------------------------------------------------------------
[debug] 
[debug] [2026-02-09T09:20:07.068Z] >>> [apiv2][query] GET https://firebase-public.firebaseio.com/cli.json [none]
[debug] [2026-02-09T09:20:08.502Z] > command requires scopes: ["email","openid","https://www.googleapis.com/auth/cloudplatformprojects.readonly","https://www.googleapis.com/auth/firebase","https://www.googleapis.com/auth/cloud-platform"]
[debug] [2026-02-09T09:20:08.503Z] > authorizing via signed-in user (harameedey06@gmail.com)
[info] 
     ######## #### ########  ######## ########     ###     ######  ########
     ##        ##  ##     ## ##       ##     ##  ##   ##  ##       ##
     ######    ##  ########  ######   ########  #########  ######  ######
     ##        ##  ##    ##  ##       ##     ## ##     ##       ## ##
     ##       #### ##     ## ######## ########  ##     ##  ######  ########

You're about to initialize a Firebase project in this directory:

  C:\Users\USER\Documents\travels\travels-tour

Before we get started, keep in mind:

  * You are initializing within an existing Firebase project directory

[debug] [2026-02-09T09:20:09.558Z] <<< [apiv2][status] GET https://firebase-public.firebaseio.com/cli.json 200
[debug] [2026-02-09T09:20:09.559Z] <<< [apiv2][body] GET https://firebase-public.firebaseio.com/cli.json {"cloudBuildErrorAfter":1594252800000,"cloudBuildWarnAfter":1590019200000,"defaultNode10After":1594252800000,"minVersion":"3.0.5","node8DeploysDisabledAfter":1613390400000,"node8RuntimeDisabledAfter":1615809600000,"node8WarnAfter":1600128000000}
[info] 
=== Project Setup
[info] 
[info] First, let's associate this project directory with a Firebase project.
[info] You can create multiple project aliases by running firebase use --add, 
[info] but for now we'll just set up a default project.
[info] 
[debug] [2026-02-09T09:20:24.568Z] Using project from CLI flag: travels-and-tour-abb8b
[debug] [2026-02-09T09:20:24.570Z] Checked if tokens are valid: false, expires at: 1768490308589
[debug] [2026-02-09T09:20:24.570Z] Checked if tokens are valid: false, expires at: 1768490308589
[debug] [2026-02-09T09:20:24.571Z] > refreshing access token with scopes: []
[debug] [2026-02-09T09:20:24.573Z] >>> [apiv2][query] POST https://www.googleapis.com/oauth2/v3/token [none]
[debug] [2026-02-09T09:20:24.574Z] >>> [apiv2][body] POST https://www.googleapis.com/oauth2/v3/token [omitted]
[debug] [2026-02-09T09:20:25.236Z] <<< [apiv2][status] POST https://www.googleapis.com/oauth2/v3/token 200
[debug] [2026-02-09T09:20:25.237Z] <<< [apiv2][body] POST https://www.googleapis.com/oauth2/v3/token [omitted]
[debug] [2026-02-09T09:20:25.348Z] >>> [apiv2][query] GET https://firebase.googleapis.com/v1beta1/projects/travels-and-tour-abb8b [none]
[debug] [2026-02-09T09:20:26.176Z] <<< [apiv2][status] GET https://firebase.googleapis.com/v1beta1/projects/travels-and-tour-abb8b 200
[debug] [2026-02-09T09:20:26.177Z] <<< [apiv2][body] GET https://firebase.googleapis.com/v1beta1/projects/travels-and-tour-abb8b {"projectId":"travels-and-tour-abb8b","projectNumber":"338840660552","displayName":"Travels and tour","name":"projects/travels-and-tour-abb8b","resources":{"hostingSite":"travels-and-tour-abb8b"},"state":"ACTIVE","etag":"1_fdef682e-e1e8-41d2-ba2d-1a0ee3c71d1a"}
[info] i  Using project travels-and-tour-abb8b (Travels and tour) 
[info] 
=== Functions Setup
[debug] [2026-02-09T09:20:26.234Z] > command requires scopes: ["email","openid","https://www.googleapis.com/auth/cloudplatformprojects.readonly","https://www.googleapis.com/auth/firebase","https://www.googleapis.com/auth/cloud-platform"]
[debug] [2026-02-09T09:20:26.235Z] > authorizing via signed-in user (harameedey06@gmail.com)
[debug] [2026-02-09T09:20:26.235Z] [iam] checking project travels-and-tour-abb8b for permissions ["firebase.projects.get"]
[debug] [2026-02-09T09:20:26.237Z] Checked if tokens are valid: true, expires at: 1770632424238
[debug] [2026-02-09T09:20:26.237Z] Checked if tokens are valid: true, expires at: 1770632424238
[debug] [2026-02-09T09:20:26.238Z] >>> [apiv2][query] POST https://cloudresourcemanager.googleapis.com/v1/projects/travels-and-tour-abb8b:testIamPermissions [none]
[debug] [2026-02-09T09:20:26.238Z] >>> [apiv2][(partial)header] POST https://cloudresourcemanager.googleapis.com/v1/projects/travels-and-tour-abb8b:testIamPermissions x-goog-quota-user=projects/travels-and-tour-abb8b
[debug] [2026-02-09T09:20:26.238Z] >>> [apiv2][body] POST https://cloudresourcemanager.googleapis.com/v1/projects/travels-and-tour-abb8b:testIamPermissions {"permissions":["firebase.projects.get"]}
[debug] [2026-02-09T09:20:27.511Z] <<< [apiv2][status] POST https://cloudresourcemanager.googleapis.com/v1/projects/travels-and-tour-abb8b:testIamPermissions 200
[debug] [2026-02-09T09:20:27.512Z] <<< [apiv2][body] POST https://cloudresourcemanager.googleapis.com/v1/projects/travels-and-tour-abb8b:testIamPermissions {"permissions":["firebase.projects.get"]}
[info] 
Detected existing codebase(s): default

[info] Let's create a new codebase for your functions.
[info] A directory corresponding to the codebase will be created in your project
[info] with sample code pre-configured.

[info] See https://firebase.google.com/docs/functions/organize-functions for
[info] more information on organizing your functions using codebases.

[info] Functions can be deployed with firebase deploy.

[info] +  Wrote hikmahtravels/package.json 
[info] +  Wrote hikmahtravels/.eslintrc.js 
[info] +  Wrote hikmahtravels/tsconfig.dev.json 
[info] +  Wrote hikmahtravels/tsconfig.json 
[info] +  Wrote hikmahtravels/src/index.ts 
[info] +  Wrote hikmahtravels/.gitignore 
